src/app/moderation/page.tsx(499,18): error TS2304: Cannot find name 'Send'.
